======================================================
  V2 Pipeline — 2026-07-24 21:18:47
  Scripts: 01_setup.Rmd 02_cohort_labels.Rmd 03_person_hours.Rmd 07_sample_size.Rmd 08_primary_model.Rmd 09_comparators.Rmd 10_metrics_suite.Rmd 11_external_validation.Rmd 12_variance_decomposition.Rmd 13_equity_analysis.Rmd
  Output:  /Users/arif/Desktop/RESEARCH/projects/v2/v2-proj/output/
======================================================

── 21:18:47  Rendering: 01_setup.Rmd ──
  OK  /Users/arif/Desktop/RESEARCH/projects/v2/v2-proj/output/01_setup.pdf  (4s)

---- R log: 01_setup.Rmd ----


processing file: 01_setup.Rmd
1/18                    
2/18 [setup]            
3/18                    
4/18 [load-config]      
[21:18:48] [STEP] === Phase 1: Environment Setup ===
5/18                    
6/18 [check-packages]   
[21:18:48] [STEP] Checking required packages...
7/18                    
8/18 [check-dirs]       
[21:18:49] [STEP] Verifying data directories...
[21:18:49] [INFO]   MIMIC-IV root                  [OK]  (/Users/arif/Desktop/RESEARCH/data/mimic-iv-3.1)
[21:18:49] [INFO]   MIMIC-IV/hosp                  [OK]  (/Users/arif/Desktop/RESEARCH/data/mimic-iv-3.1/hosp)
[21:18:49] [INFO]   MIMIC-IV/icu                   [OK]  (/Users/arif/Desktop/RESEARCH/data/mimic-iv-3.1/icu)
[21:18:49] [INFO]   eICU root                      [OK]  (/Users/arif/Desktop/RESEARCH/data/eicu-collaborative-research-database-2.0)
9/18                    
10/18 [check-mimic-files]
[21:18:49] [STEP] Spot-checking key MIMIC-IV files...
[21:18:49] [INFO]   admissions                [OK]  (19.9 MB)
[21:18:49] [INFO]   patients                  [OK]  (2.8 MB)
[21:18:49] [INFO]   icustays                  [OK]  (3.3 MB)
[21:18:49] [INFO]   chartevents               [OK]  (3502.6 MB)
[21:18:49] [INFO]   labevents                 [OK]  (2593.0 MB)
[21:18:49] [INFO]   prescriptions             [OK]  (606.7 MB)
[21:18:49] [INFO]   microbiologyevents        [OK]  (117.2 MB)
[21:18:49] [INFO]   inputevents               [OK]  (401.3 MB)
11/18                    
12/18 [check-eicu-files] 
[21:18:49] [STEP] Spot-checking eICU files...
[21:18:49] [INFO]   patient                   [OK]  (10.4 MB)
[21:18:49] [INFO]   lab                       [OK]  (516.8 MB)
[21:18:49] [INFO]   medication                [OK]  (134.3 MB)
[21:18:49] [INFO]   vitalPeriodic             [OK]  (1784.2 MB)
[21:18:49] [INFO]   microLab                  [OK]  (0.1 MB)
[21:18:49] [INFO]   diagnosis                 [OK]  (35.2 MB)
13/18                    
14/18 [check-schema]     
[21:18:49] [STEP] Peeking at icustays to verify schema...
[21:18:49] [INFO] anchor_year_group present:  TRUE
15/18                    
16/18 [check-output-dir] 
[21:18:49] [STEP] Checking output directory...
17/18                    
18/18 [summary]          
[21:18:49] [STEP] === Setup Summary ===
[21:18:49] [INFO] Saved 01_setup_file_report.parquet (8 rows, 3 cols, 0.0 MB)
output file: 01_setup.knit.md

/opt/homebrew/bin/pandoc +RTS -K512m -RTS 01_setup.knit.md --to latex --from markdown+autolink_bare_uris+tex_math_single_backslash --output /Users/arif/Desktop/RESEARCH/projects/v2/v2-proj/output/01_setup.tex --lua-filter /Library/Frameworks/R.framework/Versions/4.5-arm64/Resources/library/bookdown/rmarkdown/lua/custom-environment.lua --lua-filter /Library/Frameworks/R.framework/Versions/4.5-arm64/Resources/library/rmarkdown/rmarkdown/lua/pagebreak.lua --lua-filter /Library/Frameworks/R.framework/Versions/4.5-arm64/Resources/library/rmarkdown/rmarkdown/lua/latex-div.lua --embed-resources --standalone --table-of-contents --toc-depth 3 --number-sections --highlight-style tango --pdf-engine pdflatex --variable graphics --wrap preserve --include-in-header /var/folders/hw/5c3y265s6vn1mwfmmwv2d7w80000gn/T//RtmpQnwEOX/rmarkdown-str7c85528f361c.html --variable tables=yes --standalone -Mhas-frontmatter=false 
[WARNING] Deprecated: --highlight-style. Use --syntax-highlighting instead.

Output created: output/01_setup.pdf

── 21:18:51  Rendering: 02_cohort_labels.Rmd ──
  OK  /Users/arif/Desktop/RESEARCH/projects/v2/v2-proj/output/02_cohort_labels.pdf  (197s)

---- R log: 02_cohort_labels.Rmd ----


processing file: 02_cohort_labels.Rmd
1/18                       
2/18 [setup]               
3/18                       
4/18 [load-deps]           
[21:18:51] [STEP] === Phase 2a: Cohort extraction under 3 label variants ===
5/18                       
6/18 [load-base-tables]    
[21:18:51] [STEP] Loading base tables...
[21:18:51] [INFO] Reading:  patients.csv.gz
[21:18:51] [INFO]   -> 364,627 rows, 5 cols
[21:18:51] [INFO] Reading:  admissions.csv.gz
[21:18:52] [INFO]   -> 546,028 rows, 8 cols
[21:18:52] [INFO] Reading:  icustays.csv.gz
[21:18:52] [INFO]   -> 94,458 rows, 6 cols
7/18                       
8/18 [build-base-cohort]   
[21:18:52] [STEP] Building base cohort (adult, first ICU stay, min LOS)...
9/18                       
10/18 [suspected-infection] 
[21:18:52] [STEP] Identifying suspected infection episodes...
[21:18:52] [INFO] Reading:  prescriptions.csv.gz
[21:18:59] [INFO]   -> 20,292,611 rows, 5 cols
[21:20:35] [INFO] Reading:  microbiologyevents.csv.gz
[21:20:37] [INFO]   -> 3,988,224 rows, 4 cols
11/18                       
12/18 [sofa-components]     
[21:20:37] [STEP] Computing SOFA components for all stays...
[21:20:37] [INFO] Loading labevents for SOFA components via DuckDB...
[21:20:38] [INFO] DuckDB query:  SELECT t.hadm_id, t.itemid, t.charttime, t.valuenum FROM read_csv('/Users/arif/Desktop/RESEARCH/data/mimic-iv-3.1/hosp/l
[21:21:04] [INFO]   -> 2,329,876 rows, 4 cols
[21:21:04] [INFO] Loading chartevents for SOFA components (MAP, GCS) via DuckDB...
[21:21:04] [INFO] DuckDB query:  SELECT t.stay_id, t.hadm_id, t.itemid, t.charttime, t.valuenum FROM read_csv('/Users/arif/Desktop/RESEARCH/data/mimic-iv
[21:21:50] [INFO]   -> 11,634,502 rows, 5 cols
[21:21:51] [INFO] Loading inputevents for vasopressors...
[21:21:51] [INFO] Reading:  inputevents.csv.gz
[21:21:56] [INFO]   -> 10,953,713 rows, 9 cols
13/18                       
14/18 [sofa-delta]          
15/18                       
16/18 [build-cohorts]       
[21:21:57] [STEP] Building cohort for Variant A (Narrow)...
[21:21:57] [INFO]   Stays with suspected infection: 30,705 / 65,078
[21:21:57] [INFO]   Computing SOFA delta (vectorized) for 30705 stays...
[21:22:00] [STEP] Building cohort for Variant B (Seymour-Standard)...
[21:22:00] [INFO]   Stays with suspected infection: 32,436 / 65,078
[21:22:00] [INFO]   Computing SOFA delta (vectorized) for 32436 stays...
[21:22:03] [STEP] Building cohort for Variant C (Liberal)...
[21:22:03] [INFO]   Stays with suspected infection: 34,334 / 65,078
[21:22:03] [INFO]   Computing SOFA delta (vectorized) for 34334 stays...
[21:22:05] [INFO] Saved cohort_A.parquet (65,078 rows, 27 cols, 4.8 MB)
[21:22:05] [INFO] Saved cohort_B.parquet (65,078 rows, 27 cols, 4.9 MB)
[21:22:05] [INFO] Saved cohort_C.parquet (65,078 rows, 27 cols, 5.0 MB)
17/18                       
18/18 [label-variance-table]
[21:22:05] [STEP] Building M1 label-variance table...
[21:22:05] [INFO] Saved label_variance_table.parquet (3 rows, 10 cols, 0.0 MB)
output file: 02_cohort_labels.knit.md

/opt/homebrew/bin/pandoc +RTS -K512m -RTS 02_cohort_labels.knit.md --to latex --from markdown+autolink_bare_uris+tex_math_single_backslash --output /Users/arif/Desktop/RESEARCH/projects/v2/v2-proj/output/02_cohort_labels.tex --lua-filter /Library/Frameworks/R.framework/Versions/4.5-arm64/Resources/library/bookdown/rmarkdown/lua/custom-environment.lua --lua-filter /Library/Frameworks/R.framework/Versions/4.5-arm64/Resources/library/rmarkdown/rmarkdown/lua/pagebreak.lua --lua-filter /Library/Frameworks/R.framework/Versions/4.5-arm64/Resources/library/rmarkdown/rmarkdown/lua/latex-div.lua --embed-resources --standalone --table-of-contents --toc-depth 3 --number-sections --highlight-style tango --pdf-engine pdflatex --variable graphics --wrap preserve --include-in-header /var/folders/hw/5c3y265s6vn1mwfmmwv2d7w80000gn/T//Rtmp7UXQlJ/rmarkdown-str7cb64f050b2e.html --variable tables=yes --standalone -Mhas-frontmatter=false 
[WARNING] Deprecated: --highlight-style. Use --syntax-highlighting instead.

Output created: output/02_cohort_labels.pdf

── 21:22:08  Rendering: 03_person_hours.Rmd ──
  OK  /Users/arif/Desktop/RESEARCH/projects/v2/v2-proj/output/08_primary_model.pdf  (42294s)

---- R log: 08_primary_model.Rmd ----


processing file: 08_primary_model.Rmd
1/12                    
2/12 [setup]            
3/12                    
4/12 [load-deps]        
[09:57:30] [STEP] === Phase 3a: Primary discrete-time competing-risks model ===
5/12                    
6/12 [feature-set]      
7/12                    
8/12 [fit-primary-model]
9/12                    
10/12 [run-all-variants] 
[09:57:30] [STEP] --- Fitting primary model: Variant A (Narrow) ---
[09:57:32] [INFO]   Fitting multinomial logistic regression...
[16:55:39] [INFO]   Computing cluster-robust SEs (clustered on stay_id)...
[16:55:40] [WARN]   vcov_robust failed:  no applicable method for 'estfun' applied to an object of class "c('multinom', 'nnet')"
[16:55:40] [INFO]   Predicting on test set (548,854 rows)...
[16:55:41] [INFO] Saved predictions_primary_A.parquet (548,854 rows, 10 cols, 5.5 MB)
[16:55:41] [INFO] Saved coef_table_primary_A.parquet (81 rows, 5 cols, 0.0 MB)
[17:26:56] [STEP] --- Fitting primary model: Variant B (Seymour-Standard) ---
[17:26:57] [INFO]   Fitting multinomial logistic regression...
[21:18:26] [INFO]   Computing cluster-robust SEs (clustered on stay_id)...
[21:18:27] [WARN]   vcov_robust failed:  no applicable method for 'estfun' applied to an object of class "c('multinom', 'nnet')"
[21:18:27] [INFO]   Predicting on test set (548,827 rows)...
[21:18:28] [INFO] Saved predictions_primary_B.parquet (548,827 rows, 10 cols, 5.5 MB)
[21:18:28] [INFO] Saved coef_table_primary_B.parquet (81 rows, 5 cols, 0.0 MB)
[21:19:06] [STEP] --- Fitting primary model: Variant C (Liberal) ---
[21:19:07] [INFO]   Fitting multinomial logistic regression...
[21:26:25] [INFO]   Computing cluster-robust SEs (clustered on stay_id)...
[21:26:28] [WARN]   vcov_robust failed:  no applicable method for 'estfun' applied to an object of class "c('multinom', 'nnet')"
[21:26:28] [INFO]   Predicting on test set (504,828 rows)...
[21:26:29] [INFO] Saved predictions_primary_C.parquet (504,828 rows, 10 cols, 5.2 MB)
[21:26:29] [INFO] Saved coef_table_primary_C.parquet (81 rows, 5 cols, 0.0 MB)
11/12                    
12/12 [cross-label-coefs]
[21:27:06] [STEP] Computing cross-label coefficient stability (→ H2)...
[21:27:06] [INFO] Saved coef_all_variants.parquet (243 rows, 5 cols, 0.0 MB)
output file: 08_primary_model.knit.md

/opt/homebrew/bin/pandoc +RTS -K512m -RTS 08_primary_model.knit.md --to latex --from markdown+autolink_bare_uris+tex_math_single_backslash --output /Users/arif/Desktop/RESEARCH/projects/v2/v2-proj/output/08_primary_model.tex --lua-filter /Library/Frameworks/R.framework/Versions/4.5-arm64/Resources/library/bookdown/rmarkdown/lua/custom-environment.lua --lua-filter /Library/Frameworks/R.framework/Versions/4.5-arm64/Resources/library/rmarkdown/rmarkdown/lua/pagebreak.lua --lua-filter /Library/Frameworks/R.framework/Versions/4.5-arm64/Resources/library/rmarkdown/rmarkdown/lua/latex-div.lua --embed-resources --standalone --table-of-contents --toc-depth 3 --number-sections --highlight-style tango --pdf-engine pdflatex --variable graphics --wrap preserve --include-in-header /var/folders/hw/5c3y265s6vn1mwfmmwv2d7w80000gn/T//RtmpRigbqU/rmarkdown-str7a0f6d92718a.html --variable tables=yes --standalone -Mhas-frontmatter=false 
[WARNING] Deprecated: --highlight-style. Use --syntax-highlighting instead.

Output created: output/08_primary_model.pdf

── 21:27:09  Rendering: 09_comparators.Rmd ──
  OK  /Users/arif/Desktop/RESEARCH/projects/v2/v2-proj/output/03_person_hours.pdf  (484s)

---- R log: 03_person_hours.Rmd ----


processing file: 03_person_hours.Rmd
1/18                         
2/18 [setup]                 
3/18                         
4/18 [load-deps]             
[21:22:08] [STEP] === Phase 2b: Person-hour table construction ===
5/18                         
6/18 [load-cohort-ids]       
[21:22:08] [STEP] Loading cohort IDs for pre-filtering...
7/18                         
8/18 [load-chartevents]      
[21:22:08] [STEP] Loading chartevents (vitals) via DuckDB...
[21:22:09] [INFO] DuckDB query:  SELECT t.stay_id, t.hadm_id, t.itemid, t.charttime, t.valuenum FROM read_csv('/Users/arif/Desktop/RESEARCH/data/mimic-iv
[21:22:54] [INFO]   -> 42,088,540 rows, 5 cols
9/18                         
10/18 [load-labevents]        
[21:22:55] [STEP] Loading labevents via DuckDB...
[21:22:55] [INFO] DuckDB query:  SELECT t.hadm_id, t.itemid, t.charttime, t.valuenum FROM read_csv('/Users/arif/Desktop/RESEARCH/data/mimic-iv-3.1/hosp/l
[21:23:22] [INFO]   -> 5,094,881 rows, 4 cols
11/18                         
12/18 [load-vasopressors]     
[21:23:22] [STEP] Loading inputevents (vasopressors)...
[21:23:22] [INFO] Reading:  inputevents.csv.gz
[21:23:27] [INFO]   -> 10,953,713 rows, 6 cols
13/18                         
14/18 [load-treatment-anchors]
[21:23:28] [STEP] Loading treatment anchor timestamps...
[21:23:28] [INFO] Reading:  prescriptions.csv.gz
[21:23:34] [INFO]   -> 20,292,611 rows, 3 cols
[21:25:06] [INFO] Reading:  microbiologyevents.csv.gz
[21:25:07] [INFO]   -> 3,988,224 rows, 3 cols
15/18                         
16/18 [hourly-covariates-fn]  
17/18                         
18/18 [build-person-hours]    
[21:25:07] [STEP] === Person-hours for Variant A (Narrow) ===
[21:25:07] [INFO] Loaded cohort_A.parquet (65,078 rows, 27 cols)
[21:25:07] [STEP]   Building hourly grid for 65078 stays...
[21:26:45] [INFO] Saved person_hours_A.parquet (2,853,777 rows, 70 cols, 81.6 MB)
[21:26:45] [STEP] === Person-hours for Variant B (Seymour-Standard) ===
[21:26:45] [INFO] Loaded cohort_B.parquet (65,078 rows, 27 cols)
[21:26:45] [STEP]   Building hourly grid for 65078 stays...
[21:28:25] [INFO] Saved person_hours_B.parquet (2,850,669 rows, 70 cols, 81.5 MB)
[21:28:25] [STEP] === Person-hours for Variant C (Liberal) ===
[21:28:25] [INFO] Loaded cohort_C.parquet (65,078 rows, 27 cols)
[21:28:25] [STEP]   Building hourly grid for 65078 stays...
[21:30:09] [INFO] Saved person_hours_C.parquet (2,625,204 rows, 70 cols, 75.8 MB)
output file: 03_person_hours.knit.md

/opt/homebrew/bin/pandoc +RTS -K512m -RTS 03_person_hours.knit.md --to latex --from markdown+autolink_bare_uris+tex_math_single_backslash --output /Users/arif/Desktop/RESEARCH/projects/v2/v2-proj/output/03_person_hours.tex --lua-filter /Library/Frameworks/R.framework/Versions/4.5-arm64/Resources/library/bookdown/rmarkdown/lua/custom-environment.lua --lua-filter /Library/Frameworks/R.framework/Versions/4.5-arm64/Resources/library/rmarkdown/rmarkdown/lua/pagebreak.lua --lua-filter /Library/Frameworks/R.framework/Versions/4.5-arm64/Resources/library/rmarkdown/rmarkdown/lua/latex-div.lua --embed-resources --standalone --table-of-contents --toc-depth 3 --number-sections --highlight-style tango --pdf-engine pdflatex --variable graphics --wrap preserve --include-in-header /var/folders/hw/5c3y265s6vn1mwfmmwv2d7w80000gn/T//RtmpEt3E2w/rmarkdown-str7d93362aa32a.html --variable tables=yes --standalone -Mhas-frontmatter=false 
[WARNING] Deprecated: --highlight-style. Use --syntax-highlighting instead.

Output created: output/03_person_hours.pdf

── 21:30:12  Rendering: 07_sample_size.Rmd ──
  FAILED  (1s)  — see /Users/arif/Desktop/RESEARCH/projects/v2/v2-proj/output/07_sample_size.log
  Last error output:


processing file: 07_sample_size.Rmd
1/10                      
2/10 [setup]              
3/10                      
4/10 [load-deps]          
[21:30:13] [STEP] === Sample Size Calculation (Riley et al., 2019) ===
5/10                      
6/10 [load-label-variance]
Error:
! label_variance_table.csv not found. Run 02_cohort_labels.Rmd first.

Quitting from 07_sample_size.Rmd:56-63 [load-label-variance]
Execution halted

---- R log: 07_sample_size.Rmd ----


processing file: 07_sample_size.Rmd
1/10                      
2/10 [setup]              
3/10                      
4/10 [load-deps]          
[21:30:13] [STEP] === Sample Size Calculation (Riley et al., 2019) ===
5/10                      
6/10 [load-label-variance]
Error:
! label_variance_table.csv not found. Run 02_cohort_labels.Rmd first.

Quitting from 07_sample_size.Rmd:56-63 [load-label-variance]
Execution halted

── 21:30:13  Rendering: 08_primary_model.Rmd ──
  FAILED  (237s)  — see /Users/arif/Desktop/RESEARCH/projects/v2/v2-proj/output/09_comparators.log
  Last error output:
[21:30:00] [STEP] --- Comparators for Variant C ---
[21:30:02] [STEP]   Comparator: NEWS2
[21:30:02] [STEP]   Comparator: Static Cox PH
[21:30:20] [INFO] Saved cox_schoenfeld_C.parquet (12 rows, 5 cols, 0.0 MB)
[21:30:53] [INFO] Saved coef_cox_C.parquet (11 rows, 8 cols, 0.0 MB)
[21:30:53] [STEP]   Comparator: Gradient-Boosted Trees (XGBoost)
[21:31:06] [INFO] Saved gbt_feature_importance_C.parquet (20 rows, 5 cols, 0.0 MB)
[21:31:06] [INFO] Saved predictions_comparators_C.parquet (504,828 rows, 15 cols, 6.8 MB)
11/12                     
12/12 [gbt-importance]    
Error in `FUN()`:
! embedded nul in string: '%\002\030\005Cover\0\025'
Backtrace:
    x
 1. +-base::do.call(rbind, lapply(imp_files, data.table::fread))
 2. \-base::lapply(imp_files, data.table::fread)
 3.   \-data.table (local) FUN(X[[i]], ...)

Quitting from 09_comparators.Rmd:260-271 [gbt-importance]
Execution halted

---- R log: 09_comparators.Rmd ----


processing file: 09_comparators.Rmd
1/12                     
2/12 [setup]             
3/12                     
4/12 [load-deps]         
[21:27:10] [STEP] === Phase 3b: Comparator models ===
5/12                     
6/12 [feature-set]       
7/12                     
8/12 [fit-comparators-fn]
9/12                     
10/12 [run-comparators]   
[21:27:10] [STEP] --- Comparators for Variant A ---
[21:27:12] [STEP]   Comparator: NEWS2
[21:27:12] [STEP]   Comparator: Static Cox PH
[21:27:32] [INFO] Saved cox_schoenfeld_A.parquet (12 rows, 5 cols, 0.0 MB)
[21:28:08] [INFO] Saved coef_cox_A.parquet (11 rows, 8 cols, 0.0 MB)
[21:28:08] [STEP]   Comparator: Gradient-Boosted Trees (XGBoost)
[21:28:33] [INFO] Saved gbt_feature_importance_A.parquet (20 rows, 5 cols, 0.0 MB)
[21:28:33] [INFO] Saved predictions_comparators_A.parquet (548,854 rows, 15 cols, 8.6 MB)
[21:28:33] [STEP] --- Comparators for Variant B ---
[21:28:36] [STEP]   Comparator: NEWS2
[21:28:36] [STEP]   Comparator: Static Cox PH
[21:28:52] [INFO] Saved cox_schoenfeld_B.parquet (12 rows, 5 cols, 0.0 MB)
[21:29:29] [INFO] Saved coef_cox_B.parquet (11 rows, 8 cols, 0.0 MB)
[21:29:29] [STEP]   Comparator: Gradient-Boosted Trees (XGBoost)
[21:30:00] [INFO] Saved gbt_feature_importance_B.parquet (20 rows, 5 cols, 0.0 MB)
[21:30:00] [INFO] Saved predictions_comparators_B.parquet (548,827 rows, 15 cols, 8.8 MB)
[21:30:00] [STEP] --- Comparators for Variant C ---
[21:30:02] [STEP]   Comparator: NEWS2
[21:30:02] [STEP]   Comparator: Static Cox PH
[21:30:20] [INFO] Saved cox_schoenfeld_C.parquet (12 rows, 5 cols, 0.0 MB)
[21:30:53] [INFO] Saved coef_cox_C.parquet (11 rows, 8 cols, 0.0 MB)
[21:30:53] [STEP]   Comparator: Gradient-Boosted Trees (XGBoost)
[21:31:06] [INFO] Saved gbt_feature_importance_C.parquet (20 rows, 5 cols, 0.0 MB)
[21:31:06] [INFO] Saved predictions_comparators_C.parquet (504,828 rows, 15 cols, 6.8 MB)
11/12                     
12/12 [gbt-importance]    
Error in `FUN()`:
! embedded nul in string: '%\002\030\005Cover\0\025'
Backtrace:
    x
 1. +-base::do.call(rbind, lapply(imp_files, data.table::fread))
 2. \-base::lapply(imp_files, data.table::fread)
 3.   \-data.table (local) FUN(X[[i]], ...)

Quitting from 09_comparators.Rmd:260-271 [gbt-importance]
Execution halted

── 21:31:06  Rendering: 10_metrics_suite.Rmd ──
  OK  /Users/arif/Desktop/RESEARCH/projects/v2/v2-proj/output/10_metrics_suite.pdf  (53s)

---- R log: 10_metrics_suite.Rmd ----


processing file: 10_metrics_suite.Rmd
1/10               
2/10 [setup]       
3/10               
4/10 [load-deps]   
[21:31:08] [STEP] === Full Evaluation Metric Suite ===
5/10               
6/10 [metric-fns]  
7/10               
8/10 [evaluate-all]
[21:31:08] [STEP] --- Evaluating Variant A (Narrow) ---
[21:31:24] [INFO] Saved dca_A.parquet (80 rows, 10 cols, 0.0 MB)
[21:31:24] [STEP] --- Evaluating Variant B (Seymour-Standard) ---
[21:31:40] [INFO] Saved dca_B.parquet (80 rows, 10 cols, 0.0 MB)
[21:31:40] [STEP] --- Evaluating Variant C (Liberal) ---
[21:31:57] [INFO] Saved dca_C.parquet (80 rows, 10 cols, 0.0 MB)
9/10               
10/10 [show-results]
[21:31:57] [INFO] Saved 10_metric_results.parquet (36 rows, 14 cols, 0.0 MB)
output file: 10_metrics_suite.knit.md

/opt/homebrew/bin/pandoc +RTS -K512m -RTS 10_metrics_suite.knit.md --to latex --from markdown+autolink_bare_uris+tex_math_single_backslash --output /Users/arif/Desktop/RESEARCH/projects/v2/v2-proj/output/10_metrics_suite.tex --lua-filter /Library/Frameworks/R.framework/Versions/4.5-arm64/Resources/library/bookdown/rmarkdown/lua/custom-environment.lua --lua-filter /Library/Frameworks/R.framework/Versions/4.5-arm64/Resources/library/rmarkdown/rmarkdown/lua/pagebreak.lua --lua-filter /Library/Frameworks/R.framework/Versions/4.5-arm64/Resources/library/rmarkdown/rmarkdown/lua/latex-div.lua --embed-resources --standalone --table-of-contents --toc-depth 3 --number-sections --highlight-style tango --pdf-engine pdflatex --variable graphics --wrap preserve --include-in-header /var/folders/hw/5c3y265s6vn1mwfmmwv2d7w80000gn/T//RtmpzVXyMX/rmarkdown-str7f9a5585d27c.html --variable tables=yes --standalone -Mhas-frontmatter=false 
[WARNING] Deprecated: --highlight-style. Use --syntax-highlighting instead.

Output created: output/10_metrics_suite.pdf

── 21:31:59  Rendering: 11_external_validation.Rmd ──
  FAILED  (169s)  — see /Users/arif/Desktop/RESEARCH/projects/v2/v2-proj/output/11_external_validation.log
  Last error output:
10/18 [load-labs]               
[21:32:27] [STEP] Loading eICU labs...
11/18                           
12/18 [eicu-suspected-infection]
[21:32:44] [STEP] Loading eICU infection events...
13/18                           
14/18 [build-eicu-person-hours] 
[21:33:21] [STEP] Building eICU person-hour table...
[21:34:43] [INFO] Saved eicu_person_hours.parquet (7,868,005 rows, 47 cols, 127.9 MB)
15/18                           
16/18 [apply-models]            
[21:34:43] [STEP] Applying trained models to eICU cohort...
Error in `readRDS()`:
! error reading from connection
Backtrace:
    x
 1. \-base::readRDS(prim_model_path)

Quitting from 11_external_validation.Rmd:303-396 [apply-models]
Execution halted

---- R log: 11_external_validation.Rmd ----


processing file: 11_external_validation.Rmd
1/18                           
2/18 [setup]                   
3/18                           
4/18 [load-deps]               
[21:32:00] [STEP] === Phase 5: External Validation on eICU-CRD ===
5/18                           
6/18 [load-eicu-patients]      
[21:32:00] [STEP] Loading eICU tables...
7/18                           
8/18 [load-vitals]             
[21:32:00] [STEP] Loading eICU vitals...
[21:32:00] [INFO] DuckDB: loading vitalPeriodic filtered to cohort + 72h window...
9/18                           
10/18 [load-labs]               
[21:32:27] [STEP] Loading eICU labs...
11/18                           
12/18 [eicu-suspected-infection]
[21:32:44] [STEP] Loading eICU infection events...
13/18                           
14/18 [build-eicu-person-hours] 
[21:33:21] [STEP] Building eICU person-hour table...
[21:34:43] [INFO] Saved eicu_person_hours.parquet (7,868,005 rows, 47 cols, 127.9 MB)
15/18                           
16/18 [apply-models]            
[21:34:43] [STEP] Applying trained models to eICU cohort...
Error in `readRDS()`:
! error reading from connection
Backtrace:
    x
 1. \-base::readRDS(prim_model_path)

Quitting from 11_external_validation.Rmd:303-396 [apply-models]
Execution halted

── 21:34:48  Rendering: 12_variance_decomposition.Rmd ──
  FAILED  (1s)  — see /Users/arif/Desktop/RESEARCH/projects/v2/v2-proj/output/12_variance_decomposition.log
  Last error output:


processing file: 12_variance_decomposition.Rmd
1/14                      
2/14 [setup]              
3/14                      
4/14 [load-deps]          
[21:34:49] [STEP] === Phase 6a: Variance Decomposition ===
5/14                      
6/14 [load-metrics]       
Error:
! 10_metric_results.csv not found. Run 10_metrics_suite.Rmd first.

Quitting from 12_variance_decomposition.Rmd:77-93 [load-metrics]
Execution halted

---- R log: 12_variance_decomposition.Rmd ----


processing file: 12_variance_decomposition.Rmd
1/14                      
2/14 [setup]              
3/14                      
4/14 [load-deps]          
[21:34:49] [STEP] === Phase 6a: Variance Decomposition ===
5/14                      
6/14 [load-metrics]       
Error:
! 10_metric_results.csv not found. Run 10_metrics_suite.Rmd first.

Quitting from 12_variance_decomposition.Rmd:77-93 [load-metrics]
Execution halted

── 21:34:49  Rendering: 13_equity_analysis.Rmd ──
  OK  /Users/arif/Desktop/RESEARCH/projects/v2/v2-proj/output/13_equity_analysis.pdf  (7s)

---- R log: 13_equity_analysis.Rmd ----


processing file: 13_equity_analysis.Rmd
1/14                       
2/14 [setup]               
3/14                       
4/14 [load-deps]           
[21:34:50] [STEP] === Phase 6b: Equity Analysis ===
5/14                       
6/14 [subgroup-helper]     
7/14                       
8/14 [subgroup-performance]
[21:34:50] [STEP] Subgroup performance analysis...
[21:34:52] [INFO] Saved 13_subgroup_performance.parquet (63 rows, 10 cols, 0.0 MB)
9/14                       
10/14 [auroc-by-race]       
11/14                       
12/14 [label-sensitivity]   
[21:34:53] [STEP] Subgroup label-sensitivity analysis...
[21:34:53] [INFO] Saved 13_subgroup_label_sensitivity.parquet (22 rows, 6 cols, 0.0 MB)
13/14                       
14/14 [label-sens-vs-auroc] 
output file: 13_equity_analysis.knit.md

/opt/homebrew/bin/pandoc +RTS -K512m -RTS 13_equity_analysis.knit.md --to latex --from markdown+autolink_bare_uris+tex_math_single_backslash --output /Users/arif/Desktop/RESEARCH/projects/v2/v2-proj/output/13_equity_analysis.tex --lua-filter /Library/Frameworks/R.framework/Versions/4.5-arm64/Resources/library/bookdown/rmarkdown/lua/custom-environment.lua --lua-filter /Library/Frameworks/R.framework/Versions/4.5-arm64/Resources/library/rmarkdown/rmarkdown/lua/pagebreak.lua --lua-filter /Library/Frameworks/R.framework/Versions/4.5-arm64/Resources/library/rmarkdown/rmarkdown/lua/latex-div.lua --embed-resources --standalone --table-of-contents --toc-depth 3 --number-sections --highlight-style tango --pdf-engine pdflatex --variable graphics --wrap preserve --include-in-header /var/folders/hw/5c3y265s6vn1mwfmmwv2d7w80000gn/T//RtmpwE2WGa/rmarkdown-str817e26f5ce56.html --variable tables=yes --standalone -Mhas-frontmatter=false 
[WARNING] Deprecated: --highlight-style. Use --syntax-highlighting instead.
Warning: LaTeX Warning: Float too large for page by 254.31187pt on input line 252.
Warning: LaTeX Warning: Float too large for page by 254.31187pt on input line 252.

Output created: output/13_equity_analysis.pdf
Warning message:
In grid.Call.graphics(C_text, as.graphicsAnnot(x$label), x$x, x$y,  :
  for 'Label sensitivity (pp range across variants A–C)' in 'mbcsToSbcs': - substituted for – (U+2013)

======================================================
  Done: 6 succeeded, 4 failed  [2026-07-24 21:34:56]
  FAILED: 07_sample_size.Rmd 09_comparators.Rmd 11_external_validation.Rmd 12_variance_decomposition.Rmd
  PDF reports: /Users/arif/Desktop/RESEARCH/projects/v2/v2-proj/output/
  Full log:     /Users/arif/Desktop/RESEARCH/projects/v2/v2-proj/pipeline_run.log
======================================================
  OK  /Users/arif/Desktop/RESEARCH/projects/v2/v2-proj/output/08_primary_model.pdf  (971s)

---- R log: 08_primary_model.Rmd ----


processing file: 08_primary_model.Rmd
1/12                    
2/12 [setup]            
3/12                    
4/12 [load-deps]        
[21:30:14] [STEP] === Phase 3a: Primary discrete-time competing-risks model ===
5/12                    
6/12 [feature-set]      
7/12                    
8/12 [fit-primary-model]
9/12                    
10/12 [run-all-variants] 
[21:30:14] [STEP] --- Fitting primary model: Variant A (Narrow) ---
[21:30:17] [INFO]   Fitting multinomial logistic regression...
[21:34:20] [INFO]   Computing cluster-robust SEs (clustered on stay_id)...
[21:34:22] [WARN]   vcov_robust failed:  no applicable method for 'estfun' applied to an object of class "c('multinom', 'nnet')"
[21:34:22] [INFO]   Predicting on test set (548,854 rows)...
[21:34:22] [INFO] Saved predictions_primary_A.parquet (548,854 rows, 10 cols, 5.5 MB)
[21:34:22] [INFO] Saved coef_table_primary_A.parquet (81 rows, 5 cols, 0.0 MB)
[21:35:02] [STEP] --- Fitting primary model: Variant B (Seymour-Standard) ---
[21:35:04] [INFO]   Fitting multinomial logistic regression...
[21:38:20] [INFO]   Computing cluster-robust SEs (clustered on stay_id)...
[21:38:21] [WARN]   vcov_robust failed:  no applicable method for 'estfun' applied to an object of class "c('multinom', 'nnet')"
[21:38:22] [INFO]   Predicting on test set (548,827 rows)...
[21:38:22] [INFO] Saved predictions_primary_B.parquet (548,827 rows, 10 cols, 5.5 MB)
[21:38:22] [INFO] Saved coef_table_primary_B.parquet (81 rows, 5 cols, 0.0 MB)
[21:39:01] [STEP] --- Fitting primary model: Variant C (Liberal) ---
[21:39:03] [INFO]   Fitting multinomial logistic regression...
[21:45:44] [INFO]   Computing cluster-robust SEs (clustered on stay_id)...
[21:45:46] [WARN]   vcov_robust failed:  no applicable method for 'estfun' applied to an object of class "c('multinom', 'nnet')"
[21:45:46] [INFO]   Predicting on test set (504,828 rows)...
[21:45:46] [INFO] Saved predictions_primary_C.parquet (504,828 rows, 10 cols, 5.2 MB)
[21:45:46] [INFO] Saved coef_table_primary_C.parquet (81 rows, 5 cols, 0.0 MB)
11/12                    
12/12 [cross-label-coefs]
[21:46:22] [STEP] Computing cross-label coefficient stability (→ H2)...
[21:46:22] [INFO] Saved coef_all_variants.parquet (243 rows, 5 cols, 0.0 MB)
output file: 08_primary_model.knit.md

/opt/homebrew/bin/pandoc +RTS -K512m -RTS 08_primary_model.knit.md --to latex --from markdown+autolink_bare_uris+tex_math_single_backslash --output /Users/arif/Desktop/RESEARCH/projects/v2/v2-proj/output/08_primary_model.tex --lua-filter /Library/Frameworks/R.framework/Versions/4.5-arm64/Resources/library/bookdown/rmarkdown/lua/custom-environment.lua --lua-filter /Library/Frameworks/R.framework/Versions/4.5-arm64/Resources/library/rmarkdown/rmarkdown/lua/pagebreak.lua --lua-filter /Library/Frameworks/R.framework/Versions/4.5-arm64/Resources/library/rmarkdown/rmarkdown/lua/latex-div.lua --embed-resources --standalone --table-of-contents --toc-depth 3 --number-sections --highlight-style tango --pdf-engine pdflatex --variable graphics --wrap preserve --include-in-header /var/folders/hw/5c3y265s6vn1mwfmmwv2d7w80000gn/T//Rtmpx6uDDu/rmarkdown-str7f5e1a69cfa0.html --variable tables=yes --standalone -Mhas-frontmatter=false 
[WARNING] Deprecated: --highlight-style. Use --syntax-highlighting instead.

Output created: output/08_primary_model.pdf

── 21:46:24  Rendering: 09_comparators.Rmd ──
  FAILED  (227s)  — see /Users/arif/Desktop/RESEARCH/projects/v2/v2-proj/output/09_comparators.log
  Last error output:
[21:49:09] [STEP] --- Comparators for Variant C ---
[21:49:11] [STEP]   Comparator: NEWS2
[21:49:11] [STEP]   Comparator: Static Cox PH
[21:49:26] [INFO] Saved cox_schoenfeld_C.parquet (12 rows, 5 cols, 0.0 MB)
[21:49:59] [INFO] Saved coef_cox_C.parquet (11 rows, 8 cols, 0.0 MB)
[21:49:59] [STEP]   Comparator: Gradient-Boosted Trees (XGBoost)
[21:50:11] [INFO] Saved gbt_feature_importance_C.parquet (20 rows, 5 cols, 0.0 MB)
[21:50:11] [INFO] Saved predictions_comparators_C.parquet (504,828 rows, 15 cols, 6.8 MB)
11/12                     
12/12 [gbt-importance]    
Error in `FUN()`:
! embedded nul in string: '%\002\030\005Cover\0\025'
Backtrace:
    x
 1. +-base::do.call(rbind, lapply(imp_files, data.table::fread))
 2. \-base::lapply(imp_files, data.table::fread)
 3.   \-data.table (local) FUN(X[[i]], ...)

Quitting from 09_comparators.Rmd:260-271 [gbt-importance]
Execution halted

---- R log: 09_comparators.Rmd ----


processing file: 09_comparators.Rmd
1/12                     
2/12 [setup]             
3/12                     
4/12 [load-deps]         
[21:46:25] [STEP] === Phase 3b: Comparator models ===
5/12                     
6/12 [feature-set]       
7/12                     
8/12 [fit-comparators-fn]
9/12                     
10/12 [run-comparators]   
[21:46:25] [STEP] --- Comparators for Variant A ---
[21:46:27] [STEP]   Comparator: NEWS2
[21:46:27] [STEP]   Comparator: Static Cox PH
[21:46:45] [INFO] Saved cox_schoenfeld_A.parquet (12 rows, 5 cols, 0.0 MB)
[21:47:22] [INFO] Saved coef_cox_A.parquet (11 rows, 8 cols, 0.0 MB)
[21:47:22] [STEP]   Comparator: Gradient-Boosted Trees (XGBoost)
[21:47:44] [INFO] Saved gbt_feature_importance_A.parquet (20 rows, 5 cols, 0.0 MB)
[21:47:45] [INFO] Saved predictions_comparators_A.parquet (548,854 rows, 15 cols, 8.6 MB)
[21:47:45] [STEP] --- Comparators for Variant B ---
[21:47:47] [STEP]   Comparator: NEWS2
[21:47:47] [STEP]   Comparator: Static Cox PH
[21:48:02] [INFO] Saved cox_schoenfeld_B.parquet (12 rows, 5 cols, 0.0 MB)
[21:48:37] [INFO] Saved coef_cox_B.parquet (11 rows, 8 cols, 0.0 MB)
[21:48:37] [STEP]   Comparator: Gradient-Boosted Trees (XGBoost)
[21:49:08] [INFO] Saved gbt_feature_importance_B.parquet (20 rows, 5 cols, 0.0 MB)
[21:49:09] [INFO] Saved predictions_comparators_B.parquet (548,827 rows, 15 cols, 8.8 MB)
[21:49:09] [STEP] --- Comparators for Variant C ---
[21:49:11] [STEP]   Comparator: NEWS2
[21:49:11] [STEP]   Comparator: Static Cox PH
[21:49:26] [INFO] Saved cox_schoenfeld_C.parquet (12 rows, 5 cols, 0.0 MB)
[21:49:59] [INFO] Saved coef_cox_C.parquet (11 rows, 8 cols, 0.0 MB)
[21:49:59] [STEP]   Comparator: Gradient-Boosted Trees (XGBoost)
[21:50:11] [INFO] Saved gbt_feature_importance_C.parquet (20 rows, 5 cols, 0.0 MB)
[21:50:11] [INFO] Saved predictions_comparators_C.parquet (504,828 rows, 15 cols, 6.8 MB)
11/12                     
12/12 [gbt-importance]    
Error in `FUN()`:
! embedded nul in string: '%\002\030\005Cover\0\025'
Backtrace:
    x
 1. +-base::do.call(rbind, lapply(imp_files, data.table::fread))
 2. \-base::lapply(imp_files, data.table::fread)
 3.   \-data.table (local) FUN(X[[i]], ...)

Quitting from 09_comparators.Rmd:260-271 [gbt-importance]
Execution halted

── 21:50:11  Rendering: 10_metrics_suite.Rmd ──
  OK  /Users/arif/Desktop/RESEARCH/projects/v2/v2-proj/output/10_metrics_suite.pdf  (53s)

---- R log: 10_metrics_suite.Rmd ----


processing file: 10_metrics_suite.Rmd
1/10               
2/10 [setup]       
3/10               
4/10 [load-deps]   
[21:50:13] [STEP] === Full Evaluation Metric Suite ===
5/10               
6/10 [metric-fns]  
7/10               
8/10 [evaluate-all]
[21:50:13] [STEP] --- Evaluating Variant A (Narrow) ---
[21:50:29] [INFO] Saved dca_A.parquet (80 rows, 10 cols, 0.0 MB)
[21:50:29] [STEP] --- Evaluating Variant B (Seymour-Standard) ---
[21:50:45] [INFO] Saved dca_B.parquet (80 rows, 10 cols, 0.0 MB)
[21:50:45] [STEP] --- Evaluating Variant C (Liberal) ---
[21:51:02] [INFO] Saved dca_C.parquet (80 rows, 10 cols, 0.0 MB)
9/10               
10/10 [show-results]
[21:51:02] [INFO] Saved 10_metric_results.parquet (36 rows, 14 cols, 0.0 MB)
output file: 10_metrics_suite.knit.md

/opt/homebrew/bin/pandoc +RTS -K512m -RTS 10_metrics_suite.knit.md --to latex --from markdown+autolink_bare_uris+tex_math_single_backslash --output /Users/arif/Desktop/RESEARCH/projects/v2/v2-proj/output/10_metrics_suite.tex --lua-filter /Library/Frameworks/R.framework/Versions/4.5-arm64/Resources/library/bookdown/rmarkdown/lua/custom-environment.lua --lua-filter /Library/Frameworks/R.framework/Versions/4.5-arm64/Resources/library/rmarkdown/rmarkdown/lua/pagebreak.lua --lua-filter /Library/Frameworks/R.framework/Versions/4.5-arm64/Resources/library/rmarkdown/rmarkdown/lua/latex-div.lua --embed-resources --standalone --table-of-contents --toc-depth 3 --number-sections --highlight-style tango --pdf-engine pdflatex --variable graphics --wrap preserve --include-in-header /var/folders/hw/5c3y265s6vn1mwfmmwv2d7w80000gn/T//RtmpseSbe6/rmarkdown-str8398460519bf.html --variable tables=yes --standalone -Mhas-frontmatter=false 
[WARNING] Deprecated: --highlight-style. Use --syntax-highlighting instead.

Output created: output/10_metrics_suite.pdf

── 21:51:04  Rendering: 11_external_validation.Rmd ──
  FAILED  (210s)  — see /Users/arif/Desktop/RESEARCH/projects/v2/v2-proj/output/11_external_validation.log
  Last error output:
[21:53:54] [INFO] Saved eicu_predictions_A.parquet (7,868,005 rows, 9 cols, 75.8 MB)
[21:54:14] [INFO] Saved eicu_predictions_B.parquet (7,868,005 rows, 9 cols, 75.8 MB)
[21:54:33] [INFO] Saved eicu_predictions_C.parquet (7,868,005 rows, 9 cols, 75.8 MB)
17/18                           
18/18 [results-h5]              
[21:54:34] [INFO] Saved 11_external_validation_results.parquet (6 rows, 7 cols, 0.0 MB)
output file: 11_external_validation.knit.md

/opt/homebrew/bin/pandoc +RTS -K512m -RTS 11_external_validation.knit.md --to latex --from markdown+autolink_bare_uris+tex_math_single_backslash --output /Users/arif/Desktop/RESEARCH/projects/v2/v2-proj/output/11_external_validation.tex --lua-filter /Library/Frameworks/R.framework/Versions/4.5-arm64/Resources/library/bookdown/rmarkdown/lua/custom-environment.lua --lua-filter /Library/Frameworks/R.framework/Versions/4.5-arm64/Resources/library/rmarkdown/rmarkdown/lua/pagebreak.lua --lua-filter /Library/Frameworks/R.framework/Versions/4.5-arm64/Resources/library/rmarkdown/rmarkdown/lua/latex-div.lua --embed-resources --standalone --table-of-contents --toc-depth 3 --number-sections --highlight-style tango --pdf-engine pdflatex --variable graphics --wrap preserve --include-in-header /var/folders/hw/5c3y265s6vn1mwfmmwv2d7w80000gn/T//Rtmp6U4p5s/rmarkdown-str83e917621f4c.html --variable tables=yes --standalone -Mhas-frontmatter=false 
[WARNING] Deprecated: --highlight-style. Use --syntax-highlighting instead.
! Missing $ inserted.
<inserted text> 
                $
l.136 The vitalPeriodic table (\$\sim
                                     \$1.7 GB compressed) is loaded via Duck...
I've inserted a begin-math/end-math symbol since I think
you left one out. Proceed, with fingers crossed.

Error: LaTeX failed to compile /Users/arif/Desktop/RESEARCH/projects/v2/v2-proj/output/11_external_validation.tex. See https://yihui.org/tinytex/r/#debugging for debugging tips. See 11_external_validation.log for more info.
Execution halted

---- R log: 11_external_validation.Rmd ----


processing file: 11_external_validation.Rmd
1/18                           
2/18 [setup]                   
3/18                           
4/18 [load-deps]               
[21:51:05] [STEP] === Phase 5: External Validation on eICU-CRD ===
5/18                           
6/18 [load-eicu-patients]      
[21:51:05] [STEP] Loading eICU tables...
7/18                           
8/18 [load-vitals]             
[21:51:05] [STEP] Loading eICU vitals...
[21:51:05] [INFO] DuckDB: loading vitalPeriodic filtered to cohort + 72h window...
9/18                           
10/18 [load-labs]               
[21:51:30] [STEP] Loading eICU labs...
11/18                           
12/18 [eicu-suspected-infection]
[21:51:46] [STEP] Loading eICU infection events...
13/18                           
14/18 [build-eicu-person-hours] 
[21:52:20] [STEP] Building eICU person-hour table...
[21:53:34] [INFO] Saved eicu_person_hours.parquet (7,868,005 rows, 47 cols, 127.8 MB)
15/18                           
16/18 [apply-models]            
[21:53:34] [STEP] Applying trained models to eICU cohort...
[21:53:48] WARNING: src/common/error_msg.cc:56: Empty dataset at worker: 0
[21:53:54] [INFO] Saved eicu_predictions_A.parquet (7,868,005 rows, 9 cols, 75.8 MB)
[21:54:14] [INFO] Saved eicu_predictions_B.parquet (7,868,005 rows, 9 cols, 75.8 MB)
[21:54:33] [INFO] Saved eicu_predictions_C.parquet (7,868,005 rows, 9 cols, 75.8 MB)
17/18                           
18/18 [results-h5]              
[21:54:34] [INFO] Saved 11_external_validation_results.parquet (6 rows, 7 cols, 0.0 MB)
output file: 11_external_validation.knit.md

/opt/homebrew/bin/pandoc +RTS -K512m -RTS 11_external_validation.knit.md --to latex --from markdown+autolink_bare_uris+tex_math_single_backslash --output /Users/arif/Desktop/RESEARCH/projects/v2/v2-proj/output/11_external_validation.tex --lua-filter /Library/Frameworks/R.framework/Versions/4.5-arm64/Resources/library/bookdown/rmarkdown/lua/custom-environment.lua --lua-filter /Library/Frameworks/R.framework/Versions/4.5-arm64/Resources/library/rmarkdown/rmarkdown/lua/pagebreak.lua --lua-filter /Library/Frameworks/R.framework/Versions/4.5-arm64/Resources/library/rmarkdown/rmarkdown/lua/latex-div.lua --embed-resources --standalone --table-of-contents --toc-depth 3 --number-sections --highlight-style tango --pdf-engine pdflatex --variable graphics --wrap preserve --include-in-header /var/folders/hw/5c3y265s6vn1mwfmmwv2d7w80000gn/T//Rtmp6U4p5s/rmarkdown-str83e917621f4c.html --variable tables=yes --standalone -Mhas-frontmatter=false 
[WARNING] Deprecated: --highlight-style. Use --syntax-highlighting instead.
! Missing $ inserted.
<inserted text> 
                $
l.136 The vitalPeriodic table (\$\sim
                                     \$1.7 GB compressed) is loaded via Duck...
I've inserted a begin-math/end-math symbol since I think
you left one out. Proceed, with fingers crossed.

Error: LaTeX failed to compile /Users/arif/Desktop/RESEARCH/projects/v2/v2-proj/output/11_external_validation.tex. See https://yihui.org/tinytex/r/#debugging for debugging tips. See 11_external_validation.log for more info.
Execution halted

── 21:54:34  Rendering: 12_variance_decomposition.Rmd ──
  FAILED  (1s)  — see /Users/arif/Desktop/RESEARCH/projects/v2/v2-proj/output/12_variance_decomposition.log
  Last error output:


processing file: 12_variance_decomposition.Rmd
1/14                      
2/14 [setup]              
3/14                      
4/14 [load-deps]          
[21:54:35] [STEP] === Phase 6a: Variance Decomposition ===
5/14                      
6/14 [load-metrics]       
Error:
! 10_metric_results.csv not found. Run 10_metrics_suite.Rmd first.

Quitting from 12_variance_decomposition.Rmd:77-93 [load-metrics]
Execution halted

---- R log: 12_variance_decomposition.Rmd ----


processing file: 12_variance_decomposition.Rmd
1/14                      
2/14 [setup]              
3/14                      
4/14 [load-deps]          
[21:54:35] [STEP] === Phase 6a: Variance Decomposition ===
5/14                      
6/14 [load-metrics]       
Error:
! 10_metric_results.csv not found. Run 10_metrics_suite.Rmd first.

Quitting from 12_variance_decomposition.Rmd:77-93 [load-metrics]
Execution halted

── 21:54:35  Rendering: 13_equity_analysis.Rmd ──
  OK  /Users/arif/Desktop/RESEARCH/projects/v2/v2-proj/output/13_equity_analysis.pdf  (6s)

---- R log: 13_equity_analysis.Rmd ----


processing file: 13_equity_analysis.Rmd
1/14                       
2/14 [setup]               
3/14                       
4/14 [load-deps]           
[21:54:36] [STEP] === Phase 6b: Equity Analysis ===
5/14                       
6/14 [subgroup-helper]     
7/14                       
8/14 [subgroup-performance]
[21:54:36] [STEP] Subgroup performance analysis...
[21:54:38] [INFO] Saved 13_subgroup_performance.parquet (63 rows, 10 cols, 0.0 MB)
9/14                       
10/14 [auroc-by-race]       
11/14                       
12/14 [label-sensitivity]   
[21:54:39] [STEP] Subgroup label-sensitivity analysis...
[21:54:39] [INFO] Saved 13_subgroup_label_sensitivity.parquet (22 rows, 6 cols, 0.0 MB)
13/14                       
14/14 [label-sens-vs-auroc] 
output file: 13_equity_analysis.knit.md

/opt/homebrew/bin/pandoc +RTS -K512m -RTS 13_equity_analysis.knit.md --to latex --from markdown+autolink_bare_uris+tex_math_single_backslash --output /Users/arif/Desktop/RESEARCH/projects/v2/v2-proj/output/13_equity_analysis.tex --lua-filter /Library/Frameworks/R.framework/Versions/4.5-arm64/Resources/library/bookdown/rmarkdown/lua/custom-environment.lua --lua-filter /Library/Frameworks/R.framework/Versions/4.5-arm64/Resources/library/rmarkdown/rmarkdown/lua/pagebreak.lua --lua-filter /Library/Frameworks/R.framework/Versions/4.5-arm64/Resources/library/rmarkdown/rmarkdown/lua/latex-div.lua --embed-resources --standalone --table-of-contents --toc-depth 3 --number-sections --highlight-style tango --pdf-engine pdflatex --variable graphics --wrap preserve --include-in-header /var/folders/hw/5c3y265s6vn1mwfmmwv2d7w80000gn/T//RtmpHeMHnC/rmarkdown-str848a185b2d35.html --variable tables=yes --standalone -Mhas-frontmatter=false 
[WARNING] Deprecated: --highlight-style. Use --syntax-highlighting instead.
Warning: LaTeX Warning: Float too large for page by 254.31187pt on input line 252.
Warning: LaTeX Warning: Float too large for page by 254.31187pt on input line 252.

Output created: output/13_equity_analysis.pdf
Warning message:
In grid.Call.graphics(C_text, as.graphicsAnnot(x$label), x$x, x$y,  :
  for 'Label sensitivity (pp range across variants A–C)' in 'mbcsToSbcs': - substituted for – (U+2013)

======================================================
  Done: 6 succeeded, 4 failed  [2026-07-24 21:54:41]
  FAILED: 07_sample_size.Rmd 09_comparators.Rmd 11_external_validation.Rmd 12_variance_decomposition.Rmd
  PDF reports: /Users/arif/Desktop/RESEARCH/projects/v2/v2-proj/output/
  Full log:     /Users/arif/Desktop/RESEARCH/projects/v2/v2-proj/pipeline_run.log
======================================================
